                        ;edits HRJ are by Herb Johnson
                        ;July 25 2026 - HRJ provided INCLUDES with available sources
                        ;             - HRJ commented out macro calls (see macro.mac) with comments
                        ;             - HRJ replaced expressions <symbol>#256 with LOW <symbol>, extracts low byte from address
                        
                        ;        INCLUDE macros.mac
                        ; HRJ see macro.mac file for features. 
                        
                        ;       PAM/8 - H8 FRONT PANEL MONITOR
                        ;
                        ;       JGL, 05/01/76.
                        ;
                        ;       FOR *WINTEK* INC.
                        ;
                        ;       COPYRIGHT  05/1976, WINTEK CORPORATION
                        ;       902 N. 9TH ST.
                        ;       LAFAYETTE, IND.
                        
                        ;       PAM/8 - H8 FRONT PANEL MONITOR
                        ;
                        ;       THIS PROGRAM RESIDES (IN ROM) IN THE LOW 1024 BYTES OF THE HEATH
                        ;       H8 COMPUTER. IT ACTUALLY CONSISTS OF TWO VIRTUALLY INDEPENDENT
                        ;       ROUTINES: A TASK-TIME PROGRAM WHICH PROVIDES SOPHISTICATED
                        ;       FRONT PANEL MONITOR SERVICE, AND AN INTERRUPT-TIME PROGRAM WHICH
                        ;       PROVIDES BOTH A REAL-TIME CLOCK AND EMULATES AN EFFECTIVE
                        ;       HARDWARE FRONT PANEL.
                        
                        ;       INTERRUPTS.
                        ;
                        ;       PAM/8 IS THE PRIMARY PROCESSOR FOR ALL INTERRUPTS.
                        ;       THEY ARE PROCESSED AS FOLLOWS:
                        ;
                        ;       RST     USE
                        ;
                        ;       0       MASTER CLEAR. (NEVER USES FOR I/O OR RESET)
                        ;
                        ;       1       CLOCK INTERRUPT. NORMALLY TAKEN BY PAM/8.
                        ;               SETTING BIT *U0.CLK* IN BYTE *MFLAG* ALLOWS
                        ;               USER PROCESSING (VIA A JUMP THROUGH *UIVEC*).
                        ;               UPON ENTRY OF THE USER ROUTINE, THE STACK
                        ;               CONTAINS:
                        ;               (STACK+0)  = RETURN ADDRESS (TO PAM/8)
                        ;               (STACK+2)  = (STACKPTR+4)
                        ;               (STACK+4)  = (AF)
                        ;               (STACK+6)  = (BC)
                        ;               (STACK+8)  = (DE)
                        ;               (STACK+10) = (HL)
                        ;               (STACK+12) = (PC)
                        ;               THE USER'S ROUTINE SHOULD RETURN TO PAM/8 VIA
                        ;               A *RET* WITHOUT ENABLING INTERRUPTS.
                        ;
                        ;       2       SINGLE STEP. SINGLE STEP INTERRUPTS GENERATED
                        ;               BY PAM/8 ARE PROCESSED BY PAM/8.
                        ;               ANY SINGLE STEP INTERRUPT RECEIVED WHEN IN
                        ;               USER MODE CAUSES A JUMP THROUGH *UIVEC*+3.
                        ;               STACK UPON USER ROUTINE ENTRY;
                        ;               (STACK+0)  = (STACKPTR+12)
                        ;               (STACK+2)  = (AF)
                        ;               (STACK+4)  = (BC)
                        ;               (STACK+6)  = (DE)
                        ;               (STACK+8)  = (HL)
                        ;               (STACK+10) = (PC)
                        ;               THE USER'S ROUTINE SHOULD HANDLE ITS OWN RETURN
                        ;               FROM THE INTERRUPT.
                        ;
                        ;
                        ;       THE FOLLOWING INTERRUPTS ARE VECTORED DIRECTLY THROUGH *UIVEC*.
                        ;       THE USER ROUTINE MUST HAVE SETUP A JUMP IN *UIVEC* BEFORE ANY
                        ;       OF THESE INTERRUPTS MAY OCCUR.
                        ;
                        ;       3       I/O 3. CAUSES A DIRECT JUMP THROUGH *UIVEC*+6
                        ;
                        ;       4       I/O 4. CAUSES A DIRECT JUMP THROUGH *UIVEC*+9
                        ;
                        ;       5       I/O 5. CAUSES A DIRECT JUMP THROUGH *UIVEC*+12
                        ;
                        ;       6       I/O 6. CAUSES A DIRECT JUMP THROUGH *UIVEC*+15
                        ;
                        ;       7       I/O 7. CAUSES A DIRECT JUMP THROUGH *UIVEC*+18
                        
                        
                        ;               ASSEMBLY CONSTANTS
                        
                        ;               I/O PORTS
                        
   00f0                 IP.PAD  EQU     360Q            ; PAD INPUT PORT
   00f0                 OP.CTL  EQU     360Q            ; CONTROL OUTPUT PORT
   00f0                 OP.DIG  EQU     360Q            ; DIGIT SELECT OUTPUT PORT
   00f1                 OP.SEG  EQU     361Q            ; SEGMENT SELECT OUTPUT PORT
   00f9                 IP.TPC  EQU     371Q            ; TAPE CONTROL IN
   00f9                 OP.TPC  EQU     371Q            ; TAPE CONTROL OUT
   00f8                 IP.TPD  EQU     370Q            ; TAPE DATA IN
   00f8                 OP.TPD  EQU     370Q            ; TAPE DATA OUT
                        
                        ;               ASCII CHARACTERS.
                        
   0016                 A.SYN   EQU     026Q            ; SYNC CHARACTER
   0002                 A.STX   EQU     002Q            ; STX CHARACTER
                        
                        ;               FRONT PANEL HARDWARE CONTROL BITS.
                        
   0010                 CB.SSI  EQU     00010000B       ; SINGLE STEP INTERRUPT
   0020                 CB.MTL  EQU     00100000B       ; MONITOR LIGHT
   0040                 CB.CLI  EQU     01000000B       ; CLOCK INTERRUPT ENABLE
   0080                 CB.SPK  EQU     10000000B       ; SPEAKER ENABLE
                        
                        ;               DISPLAY MODE FLAGS (IN *DSPMOD*)
                        
   0000                 DM.MR   EQU     0               ; MEMORY READ
   0001                 DM.MW   EQU     1               ; MEMORY WRITE
   0002                 DM.RR   EQU     2               ; REGISTER READ
   0003                 DM.RW   EQU     3               ; REGISTER WRITE
                        ;        INCLUDE "tape.asm"        ; TAPE DEFINITIONS
                        ;HRJ tape.asm available now
                        ;               MACHINE INSTRUCTIONS.
                        
   0076                 MI.HLT  EQU     01110110B       ; HALT
   00c9                 MI.RET  EQU     11001001B       ; RETURN
   00db                 MI.IN   EQU     11011011B       ; INPUT
   00d3                 MI.OUT  EQU     11010011B       ; OUTPUT
   003a                 MI.LDA  EQU     00111010B       ; LDA
   00e6                 MI.ANI  EQU     11100110B       ; ANI
   0011                 MI.LXID EQU     00010001B       ; LXI D
                        
                        ;               USER OPTION BITS.
                        ;
                        ;               THESE BITS ARE SET IN CELL MFLAG.
                        
   0080                 UO.HLT  EQU     10000000B       ; DISABLE HALT PROCESSING
   0040                 UO.NFR  EQU     CB.CLI          ; NO REFRESH OF FRONT PANEL
   0002                 UO.DDU  EQU     00000010B       ; DISABLE DISPLAY UPDATE
   0001                 UI.CLK  EQU     00000001B       ; ALLOW CLOCK INTERRUPT PROCESSING
                        
                                INCL "u8251.asm"       ; DEFINE THE 8251 USART BITS
                        ;        STL     '8251 USART BIT DEFINITIONS.'
                        ;        EJECT
                        	PAGE
                        ;      8251 USART BIT DEFINITIONS.
                        ;
                        
                        ;      PORT ADDRESSES
                        
   0000                 UDR     EQU     0               ; DATA REGISTER IS EVEN
   0001                 USR     EQU     1               ; STATUS REGISTEP IS NEXT
                        
   00fa                 SC.UART EQU     372Q            ; CONSOLE USAPT ADDPESS (IFF 8251)
                        
                        
                        ;      MODE INSTRUCTION CONTROL BITS.
                        
   0040                 UMI.1B  EQU     01000000B       ; 1 STOP BIT
   0080                 UMI.HB  EQU     10000000B       ; 1 1/2 STOP BITS
   00c0                 UMI.2B  EQU     11000000B       ; 2 STOP BITS
   0020                 UMI.PE  EQU     00100000B       ; EVEN PARITY
   0010                 UMI.PA  EQU     00010000B       ; USE PARITY
   0000                 UMI.L5  EQU     00000000B       ; 5 BIT CHARACTERS
   0004                 UMI.L6  EQU     00000100B       ; 6 BIT CHARACTERS
   0008                 UMI.L7  EQU     00001000B       ; 7 BIT CHARACTERS
   000c                 UMI.L8  EQU     00001100B       ; 8 BIT CHARACTERS
   0001                 UMI.1X  EQU     00000001B       ; CLOCK 8 1
   0002                 UMI.16X EQU     00000010B       ; CLOCK X 16
   0003                 UMI.64X EQU     00000011B       ; CLOCK 8 64
                        
                        ;      COMMAND INSTRUCTION BITS.
                        
   0040                 UCI.IR  EQU     01000000B       ; INTERNAL RESET
   0020                 UCI.RO  EQU     00100000B       ; READER-ON CONTROL FLAG
   0010                 UCI.ER  EQU     00010000B       ; ERROR RESET
   0004                 UCI.RE  EQU     00000100B       ; RECEIVE ENABLE
   0002                 UCI.IE  EQU     00000010B       ; ENABLE INTERRUPTS FLAG
   0001                 UCI.TE  EQU     00000001B       ; TRANSMIT ENABLE
                        
                        ;      STATUS READ COMMANB BITS.
                        
   0040                 USR.BD  EQU     01000000B       ; Break Detect                    /80.08.gc/
   86a0                 USR.FE  EQU     00100000D       ; FRAMING ERROR
   0010                 USR.OE  EQU     00010000B       ; OVERRUN ERROR
   0008                 USR.PE  EQU     00001000B       ; PARITY ERROR
   0004                 USR.TXE EQU     00000100B       ; TRANSMITTER EMPTY
   000a                 USR.RXR EQU     00000010D       ; RECEIVER READY
   0001                 USR.TXR EQU     00000001B       ; TRANSMITTER READY
                        
                        ;HRJ u8251.asm available now
                        
                        ;       INTERRUPT VECTORS.
                        ;
                        
                        ;       LEVEL 0 - RESET
                        ;
                        ;       THIS 'INTERRUPT' MAY NOT BE PROCESSED BY A USER PROGRAM.
                        
   0000                         ORG     00Q
                        
   0000   11 f9 03      INIT0   LXI     D,PRSROM        ; (DE) = ROM COPY OF PRS CODE
   0003   21 0a 20              LXI     H,PRSRAM+PRSL-1 ; (HL) = RAM DESTINATION FOR CODE
   0006   c3 3b 00              JMP     INIT            ; INITIALIZE
                        ;       ERRPL   INIT-1000Q      ; BYTE IN WORD MUST BE 0
                        ; HRJ this tests if INIT is greater than 0100H I think, sends msg to console if not
                        ;       LEVEL 1 - CLOCK
                        
   0008                 INT1    EQU     10Q             ; INTERRUPT ENTRY POINT
                        
                        ;       ERRNZ   $-11Q           ; INTO TAKE UP ONE BYTE
   0009   cd 5a 00              CALL    SAVALL          ; SAVE USER REGISTERS
   000c   16 00                 MVI     D,0
   000e   c3 81 00              JMP     CLOCK           ; PROCESS CLOCK INTERRUPT
                        ;       ERRPL   CLOCK-1000Q     ; EXTRA BYTE MUST BE 0
                        ; HRJ this tests if CLOCK is greater than 0100H I think, sends msg to console if not
                        ;       LEVEL 2 - SINGLE STEP
                        ;
                        ;       IF THIS INTERRUPT IS RECEIVED WHEN NOT IN MONITOR MODE,
                        ;       THEN IT IS ASSUMED TO BE GENERATED BY A USER PROGRAM
                        ;       (SINGLE STEPPING OR BREAKPOINTING). IN SUCH CASE, THE
                        ;       USER PROGRAM IS ENTERED THROUGH (UIVEC+3
                        
   0010                 INT2    EQU     20Q             ; LEVEL 2 ENTRY
                        
                        ;       ERRNZ   $-21Q           ; INT1 TAKES EXTRA BYTE
                        ; HRJ this tests if current address is 21Q or 11H I think, sends msg to console if not
   0011   cd 5a 00              CALL    SAVALL          ; SAVE REGISTERS
   0014   1a                    LDAX    D               ; (A) = (CTLFLG)
                        ;       SET     CTLFLG
   0015   c3 a4 01              JMP     STPRTN          ; STEP RETURN
                        
                        ;       I/O INTERRUPT VECTORS
                        ;
                        ;       INTERRUPTS 3 THROUGH 7 ARE AVAILABLE FOR GENERAL I/O USE.
                        ;
                        ;       THESE INTERRUPTS ARE NOT SUPPORTED BY PAM/8, AND SHOULD
                        ;       NEVER OCCUR UNLESS THE USER HAS SUPPLIED HANDLER ROUTINES
                        ;       (THROUGH UIVEC)
                        
   0018                         ORG     30Q
   0018   c3 25 20      INT3    JMP     UIVEC+6         ; JUMP TO USER ROUTINE
                        
   001b   34 34 34 31           DB      '44413'         ; HEATH PART NUMBER 444-13
   001f   33            
                        
   0020                         ORG     40Q
   0020   c3 28 20      INT4    JMP     UIVEC+9         ; JUMP TO USER ROUTINE
                        
   0023   40 4a 47 4c           DB      100Q,112Q,107Q,114Q,100Q  ; SUPPORT CODE
   0027   40            
                        
   0028                         ORG     50Q
   0028   c3 2b 20      INT5    JMP     UIVEC+12        ; JUMP TO USER ROUTINE
                        
                        
                        ;       DLY - DELAY TIME INTERVAL.
                        ;
                        ;       ENTRY   (A) = MILLISECONDS DELAY COUNT/2
                        ;       EXIT    NONE
                        ;       USES    A,F
                        
   002b   f5            DLY     PUSH    PSW             ; SAVE COUNT
   002c   af                    XRA     A               ; DONT SOUND HORN
   002d   c3 63 02              JMP     HRN0            ; PROCESS AS HORN
                        
   0030                         ORG     60Q
   0030   c3 2e 20      INT6    JMP     UIVEC+15        ; JUMP TO USER ROUTINE
                        
                        
   0033   3e d0         GO.     MVI     A,CB.SSI+CB.CLI+CB.SPK ; OFF MONITOR MODE LIGHT
   0035   c3 9d 01              JMP     SST1            ; RETURN TO USER PROGRAM
                        
   0038                         ORG     70Q
   0038   c3 31 20      INT7    JMP     UIVEC+18        ; JUMP TO USER ROUTINE
                        
                        ;       INIT - INITIALIZE SYSTEM
                        ;
                        ;       INIT IS CALLED WHENEVER A HARDWARE MASTER-CLEAR IS INITIATED.
                        ;
                        ;       SETUP PAM/8 CONTROL CELLS IN RAM.
                        ;       DECODE HOW MUCH MEMORY EXISTS, SETUP STACKPOINTER, AMD
                        ;       ENTER THE MONITOR LOOP.
                        ;
                        ;       ENTRY   FROM MASTER CLEAR
                        ;       EXIT    INTO PAM/8 MAIN LOOP
                        
   003b   1a            INIT    LDAX    D               ; COPY *PRSROM* INTO RAM
   003c   77                    MOV     M,A             ; MOVE BYTE
   003d   2b                    DCX     H               ; DECREMENT DESTINATION
   003e   1c                    INR     E               ; INCREMENT SOURCE
   003f   c2 3b 00              JNZ     INIT            ; IF NOT DONE
                        
   0400                 SINCR   EQU     2000Q           ; SEARCH INCREMENT
                        
   0042   16 04                 MVI     D,SINCR/256     ; (DE) = SEARCH INCREMENT
   0044   21 00 1c              LXI     H,START-SINCR   ; (HL) = FIRST RAM - SEARCH INCREMENT
                        
                        ;       DETERMINE MEMORY LIMIT.
                        
   0047   77            INIT1   MOV     M,A             ; RESTORE VALUE READ
   0048   19                    DAD     D               ; INCREMENT TRIAL ADDRESS
   0049   7e                    MOV     A,M             ; (A) = CURRENT MEMORY VALUE
   004a   35                    DCR     M               ; TRY TO CHANGE IT
   004b   be                    CMP     M
   004c   c2 47 00              JNZ     INIT1           ; IF MEMORY CHANGED
                        
   004f   2b            INIT2   DCX     H
   0050   f9                    SPHL                    ; SET STACKPOINTER = MEMORY LIMIT -1
   0051   e5                    PUSH    H               ; SET *PC* VALUE ON STACK
   0052   21 d2 00              LXI     H,ERROR
   0055   e5                    PUSH    H               ; SET 'RETURN ADDRESS'
                        
                        ;       CONFIGURE LOAD/DUMP UART
                        
   0056   3e 4e                 MVI     A,UMI.1B+UMI.L8+UMI.16X
   0058   d3 f9                 OUT     OP.TPC          ; SET 8 BIT, NO PARITY, 1 STOP, X16
                        
                        ;       SAVALL - SAVE ALL REGISTERS ON STACK.
                        ;
                        ;       SAVALL IS CALLED WHEN AN INTERRUPT IS ACCEPTED, IN ORDER TO
                        ;       SAVE THE CONTENTS OF THE REGISTERS ON THE STACK.
                        ;
                        ;       ENTRY   CALLED DIRECTLY FROM THE INTERRUPT ROUTINE.
                        ;       EXIT    ALL REGISTERS PUSHED ON STACK.
                        ;               IF NOT YET IN MONITOR MODE, REGPTR = ADDRESS OF REGISTERS
                        ;               ON STACK.
                        ;               (DE) = ADDRESS OF CTLFLG
                        
                        
   005a   e3            SAVALL  XTHL                    ; SET H,L ON STACK TOP
   005b   d5                    PUSH    D
   005c   c5                    PUSH    B
   005d   f5                    PUSH    PSW
   005e   eb                    XCHG                    ; (D,E) = RETURN ADDRESS
   005f   21 0a 00              LXI     H,10
   0062   39                    DAD     SP              ; (H,L) = ADDRESS OF USERS SP
   0063   e5                    PUSH    H               ; SET ON STACK AS 'REGISTER'
   0064   d5                    PUSH    D               ; SET RETURN ADDRESS
   0065   11 09 20              LXI     D,CTLFLG
   0068   1a                    LDAX    D               ; (A) = CTLFLG
   0069   2f                    CMA
   006a   e6 30                 ANI     CB.MTL+CB.SSI   ; SAVE REGISTER ADDR IF USER OR SINGLE-STEP
   006c   c8                    RZ                      ; RETURN IF WAS INTERRUPT OR MONITOR LOOP
   006d   21 02 00              LXI     H,2
   0070   39                    DAD     SP              ; (H,L) = ADDRESS OF 'STACKPTR' ON STACK
   0071   22 1d 20              SHLD    REGPTR
   0074   c9                    RET
                        
                        
                        ;       CUI - CHECK FOR USER INTERRUPT PROCESSING.
                        ;
                        ;       CUI IS CALLED TO SEE IF THE USER HAS SPECIFIED PROCESSING
                        ;       FOR THE CLOCK INTERRUPT.
                        
                        ;       SET     MFLAG           ; REFERENCE TO MFLAG
   0075   0a            CUI1    LDAX    B               ; (A) = MFLAG
                        ;       ERRNZ   U0.CLK-1        ; CODE ASSUMED = 01
                        ; HRJ this tests if (U0.CLK) is equal to  01H I think, sends msg to console if not
   0076   0f                    RRC
   0077   dc 1f 20              CC      UIVEC           ; IF SPECIFIED, TRANSFER TO USER
                        
                        ;       RETURN TO PROGRAM FROM INTERRUPT.
                        
   007a   f1            INTXIT  POP     PSW             ; REMOVE FAKE 'STACK REGISTER'
   007b   f1                    POP     PSW
   007c   c1                    POP     B
   007d   d1                    POP     D
   007e   e1                    POP     H
   007f   fb                    EI
   0080   c9                    RET
                        
                        
                        ;       CLOCK - PROCESS CLOCK INTERRUPT
                        ;
                        ;       CLOCK IS ENTERED WHENEVER A MILLISECOND CLOCK INTERRUPT IS
                        ;       PROCESSED.
                        ;
                        ;       TICCNT IS INCREMENTED EVERY INTERRUPT.
                        
   0081   2a 1b 20      CLOCK   LHLD    TICCNT
   0084   23                    INX     H
   0085   22 1b 20              SHLD    TICCNT          ; INCREMENT TICCOUNT
                        
                        ;       REFRESH FRONT PANEL.
                        ;
                        ;       THIS CODE DISPLAYS THE APPROPRIATE PATTERN ON THE
                        ;       FRONT PANEL LEDS. THE LEDS ARE PAINTED IN REVERSE ORDER,
                        ;       ONE PER INTERRUPT. FIRST, NUMBER 9 IS LIT, THEN NUMBER 8,
                        ;       ETC.
                        
   0088   21 08 20              LXI     H,MFLAG
   008b   7e                    MOV     A,M
   008c   47                    MOV     B,A             ; (B) = CURRENT FLAG
   008d   e6 40                 ANI     UO.NFR          ; SEE IF FRONT PANEL REFRESH WANTED
   008f   23                    INX     H
                        ;       ERRNZ   CTLFLG-MFLAG-1
                        ; HRJ this tests if (CTLFLG-MFLAG) is equal to  01H I think, sends msg to console if not
   0090   7e                    MOV     A,M             ; (A) = CTLFLG
   0091   4a                    MOV     C,D             ; (C) = 0 IN CASE NO PANEL DISPLAY
   0092   c2 9f 00              JNZ     CLK3            ; IF NOT
   0095   23                    INX     H
                        ;       ERRNZ   REFIND-CTLFLG-1
                        ; HRJ this tests if (REFIND-CTLFLG) is equal to  01H I think, sends msg to console if not
   0096   35                    DCR     M               ; DECREMENT DIGIT INDEX
   0097   c2 9c 00              JNZ     CLK2            ; IF NOT WRAP-AROUND
   009a   36 09                 MVI     M,9             ; WRAP DISPLAY AROUND
   009c   5e            CLK2    MOV     E,M
   009d   19                    DAD     D               ; (H,L) = ADDRESS OF PATTERN
   009e   4b                    MOV     C,E
   009f                 CLK3                            ; (A) = CTLFLG
   009f   b1                    ORA     C               ; (A) = INDEX + FIXED BITS
   00a0   d3 f0                 OUT     OP.DIG          ; SELECT DIGIT
   00a2   7e                    MOV     A,M
   00a3   d3 f1                 OUT     OP.SEG          ; SELECT SEGMENT
                        
                        ;       SEE IF TIME TO DECODE DISPLAY VALUES
                        
   00a5   2e 1b                 MVI     L,LOW TICCNT	;HRJ was TICCNT#256
   00a7   7e                    MOV     A,M
   00a8   e6 1f                 ANI     37Q             ; EVERY 32 INTERRUPTS
   00aa   cc 71 03              CZ      UFD             ; UPDATE FRONT PANEL DISPLAYS
                        
                        ;       EXIT CLOCK INTERRUPT
                        
   00ad   01 09 20              LXI     B,CTLFLG
   00b0   0a                    LDAX    B               ; (A) = CTLFLG
   00b1   e6 20                 ANI     CB.MTL
   00b3   c2 7a 00              JNZ     INTXIT          ; IF IN MONITOR CODE
   00b6   0b                    DCX     B
                        ;       ERRNZ   CTLFLG-MFLAG-1
                        ; HRJ this tests if (CTLFLG-MFLAG) is equal to  01H I think, sends msg to console if not
   00b7   0a                    LDAX    B               ; (A) = MFLAG
                        ;       ERRNZ   UO.HLT-200Q     ; ASSUME HIGH-ORDER
                        ; HRJ this tests if UO.HLT is equal to 200Q or 20H I think, sends msg to console if not
   00b8   17                    RAL
   00b9   da cb 00              JC      CLK4            ; SKIP IT
                        
                        ;       NOT IN MONITOR MODE, CHECK FOR HALT
                        
   00bc   3e 0a                 MVI     A,10            ; (A) = INDEX OF *P* REG
   00be   cd 2a 03              CALL    LRA.            ; LOCATE REGISTER ADDRESS
   00c1   5e                    MOV     E,M
   00c2   23                    INX     H
   00c3   56                    MOV     D,M             ; (D,E) = PC CONTENTS
   00c4   1b                    DCX     D
   00c5   1a                    LDAX    D
   00c6   fe 76                 CPI     MI.HLT          ; CHECK FOR HALT
   00c8   ca d2 00              JZ      ERROR           ; IF HALT, BE IN MONITOR MODE
                        
                        ;       CHECK FOR 'RETURN TO MONITOR' KEY ENTRY.
   00cb                 CLK4
   00cb   db f0                 IN      IP.PAD
   00cd   fe 2e                 CPI     56Q             ; SEE IF '0' AND '#'
   00cf   c2 75 00              JNZ     CUI1            ; IF NOT, ALLOW USER PROCESSING OF CLOCK
                        
                        ;       ERROR - COMMAND ERROR.
                        ;
                        ;       ERROR IS CALLED AS A 'BAIL-OUT' ROUTINE.
                        ;
                        ;       IT RESETS THE OPERATIONAL MODE, AND RESTORES THE STACKPOINTER.
                        ;
                        ;       ENTRY   NONE
                        ;       EXIT    TO MTR LOOP
                        ;               CTLFLG SET
                        ;               MFLAG CLEARED
                        ;       USES    ALL
                        
   00d2                 ERROR
   00d2   21 08 20              LXI     H,MFLAG
   00d5   7e                    MOV     A,M             ; (A) = MFLAG
   00d6   e6 bd                 ANI     377Q-UO.DDU-UO.NFR ; RE-ENABLE DISPLAYS
   00d8   77                    MOV     M,A             ; REPLACE
   00d9   23                    INX     H
   00da   36 f0                 MVI     M,CB.SSI+CB.MTL+CB.CLI+CB.SPK ; RESTORE *CTLFLG*
                        ;       ERRNZ   CTLFLG-MFLAG-1
                        ; HRJ this tests if CTLFLG-MFLAG is equal to 01H I think, sends msg to console if not
   00dc   fb                    EI
   00dd   2a 1d 20              LHLD    REGPTR
   00e0   f9                    SPHL                    ; RESTORE STACK POINTER TO EMPTY STATE
   00e1   cd 5e 02              CALL    ALARM           ; ALARM FOR 200 MS
                        
                        ;       MTR - MONITOR LOOP.
                        ;
                        ;       THIS IS THE MAIN EXECUTIVE LOOP FOR THE FRONT PANEL EMULATOR.
                        
   00e4   fb            MTR     EI
                        
   00e5   21 e5 00      MTR1    LXI     H,MTR1
   00e8   e5                    PUSH    H               ; SET 'MTR1' AS RETURN ADDRESS
   00e9   01 07 20              LXI     B,DSPMOD        ; (BC) = #DSPMOD
   00ec   0a                    LDAX    B
   00ed   e6 01                 ANI     1               ; (A) = 1 IF ALTER
   00ef   2f                    CMA
   00f0   32 06 20              STA     DSPROT          ; ROTATE LED PERIODS IF ALTER
                        
                        ;       READ KEY
                        
   00f3   cd b0 03              CALL    RCK             ; READ CONSOLE KEYPAD
   00f6   2a 14 20              LHLD    ABUSS
   00f9   fe 0a                 CPI     10
   00fb   d2 05 01              JNC     MTR4            ; IF IN 'ALWAYS VALID' GROUP
   00fe   5f                    MOV     E,A             ; SAVE VALUE
                        ;       SET     DSPMOD
   00ff   0a                    LDAX    B               ; (A) = DSPMOD
   0100   0f                    RRC
   0101   da 29 01              JC      MTR5            ; IF IN ALTER MODE
   0104   7b                    MOV     A,E             ; (A) = CODE
                        
                        ;       HAVE A COMMAND (NOT A VALUE)
                        
   0105   d6 04         MTR4    SUI     4               ; (A) = COMMAND
   0107   da d2 00              JC      ERROR           ; IF BAD
   010a   5f                    MOV     E,A
   010b   e5                    PUSH    H               ; SAVE ABUSS VALUE
   010c   21 1d 01              LXI     H,MTRA
   010f   16 00                 MVI     D,0
   0111   19                    DAD     D               ; (H,L) = ADDRESS OF TABLE ENTRY
   0112   5e                    MOV     E,M
   0113   19                    DAD     D               ; (H,L) = ADDRESS OF PROCESSOR
   0114   e3                    XTHL                    ; SET ADDRESS, (H,L) = (ABUSS)
   0115   11 05 20              LXI     D,REGI          ; (D,E) = ADDRESS OF REG INDEX
                        ;       SET     DSPMOD
   0118   0a                    LDAX    B               ; (A) = DSPMOD
   0119   e6 02                 ANI     2               ; SET 'Z' IF MEMORY
   011b   0a                    LDAX    B               ; (A) = DSPMOD
   011c   c9                    RET                     ; JUMP TO PROCESSOR
                        
   011d                 MTRA                            ; JUMP TABLE
   011d   75                    DB      GO-$            ; 4 - GO
   011e   61                    DB      IN- $           ; 5 - INPUT
   011f   63                    DB      OUT-$           ; 6 - OUTPUT
   0120   75                    DB      SSTEP-$         ; 7 - SINGLE STEP
   0121   90                    DB      RMEM-$          ; 8 - CASSETTE LOAD
   0122   da                    DB      WMEM-$          ; 9 - CASSETTE DUMP
   0123   37                    DB      NEXT-$          ; + - NEXT
   0124   44                    DB      LAST-$          ; - - LAST
   0125   42                    DB      ABORT-$         ; * - ABORT
   0126   30                    DB      RW-$            ; / - DISPLAY/ALTER
   0127   4e                    DB      MEMM-$          ; # - MEMORY MODE
   0128   1c                    DB      REGM-$          ; . - REGISTER MODE
                        
                        ;       PROCESS MEMORY/REGISTER ALTERATIONS.
                        ;
                        ;       THIS CODE IS ENTERED IF
                        ;
                        ;       1) AM IN ALTER MODE, AND
                        ;       2) A KEY FROM 0-7 WAS ENTERED.
                        
   0129   0f            MTR5    RRC
   012a   7b                    MOV     A,E             ; (A) = VALUE
   012b   da 37 01              JC      MTR6            ; IS REGISTER
   012e   37                    STC                     ; INDICATE 1ST DIGIT IS IN (A)
   012f   cd 36 03              CALL    IOB             ; INPUT OCTAL BYTE
   0132   23                    INX     H               ; DISPLAY NEXT LOCATION
                        
                        ;       SAE - STORE ABUSS AND EXIT.
                        ;
                        ;       ENTRY   (HL) = ABUSS VALUE
                        ;       EXIT    TO (RET)
                        ;       USES    NONE
                        
   0133   22 14 20      SAE     SHLD    ABUSS
   0136   c9                    RET
                        
                        ;       ALTER REGISTER
                        
   0137   f5            MTR6    PUSH    PSW             ; SAVE CODE
   0138   cd 27 03              CALL    LRA             ; LOCATE REGISTER ADDRESS
   013b   a7                    ANA     A
   013c   ca d2 00              JZ      ERROR           ; NOT ALLOWED TO ALTER STACKPOINTER
   013f   23                    INX     H
   0140   f1                    POP     PSW             ; RESTORE VALUE AND CARRY FLAG
   0141   c3 32 03              JMP     IOA             ; INPUT OCTAL ADDRESS
                        
                        
                        ;       REGM - ENTER REGISTER DISPLAY MODE.
                        ;
                        ;       ENTRY   (A) = DSPMOD
                        ;               (BC) = #DSPMOD
                        
   0144   3e 02         REGM    MVI     A,2             ; SET DISPLAY REGISTER MODE
                        ;       SET     DSPMOD
   0146   02                    STAX    B               ; SET DISPLAY REGISTER MODE
                        ;       ERRNZ   DSPMOD-DSPROT-1
                        ; HRJ this tests if DSPMOD-DSPROT is equal to 01H I think, sends msg to console if not
   0147   0b                    DCX     B               ; (BC) = #DSPROT
   0148   af                    XRA     A
   0149   02                    STAX    B               ; SET ALL PERIODS ON
   014a   cd b0 03              CALL    RCK             ; READ KEY ENTRY
   014d   3d                    DCR     A               ; DISPLACE
   014e   fe 06                 CPI     6
   0150   d2 d2 00              JNC     ERROR           ; NOT 1-6
   0153   07                    RLC
   0154   12                    STAX    D               ; SET NEW REG IND
                        ;       SET     REGI
   0155   c9                    RET
                        
                        ;       RW - TOGGLE DISPLAY/ALTER MODE.
                        ;
                        ;       ENTRY   (A) = DSPMOD
                        ;               (BC) = ADDRESS OF DSPMOD
                        
                        ;       SET     DSPMOD
   0156   ee 01         RW      XRI     1
   0158   02                    STAX    B
   0159   c9                    RET
                        
                        ;       NEXT - INCREMENT DISPLAY ELEMENT
                        ;
                        ;       ENTRY   (HL) = (ABUSS)
                        ;               (DE) = ADDRESS OF REGIND
                        
   015a   23            NEXT    INX     H
   015b   ca 33 01              JZ      SAE             ; IF MEMORY, STORE VALUES AND EXIT
                        
                        ;       IS REGISTER MODE.
                        
                        ;       SET     REGI
   015e   1a                    LDAX    D               ; (A) = REGI
   015f   c6 02                 ADI     2               ; INCREMENT REGISTER INDEX
   0161   12                    STAX    D               ; WRAP TO *SP*
   0162   fe 0c                 CPI     12
   0164   d8                    RC                      ; IF NOT TOO LARGE, EXIT
   0165   af                    XRA     A               ; OVERFLOW
   0166   12                    STAX    D
   0167   c9            ABORT   RET
                        
                        ;       LAST - INCREMENT DISPLAY ELEMENT
                        ;
                        ;       ENTRY   (HL) = (ABUSS)
                        ;               (DE) = ADDRESS OF REGIND
                        ;
                        
   0168   2b            LAST    DCX     H
   0169   ca 33 01              JZ      SAE             ; IF MEMORY, STORE AND EXIT
                        
                        ;       IS REGISTER MODE
                        
                        ;       SET     REGI
   016c   1a            LST2    LDAX    D               ; (A) = REGI
   016d   d6 02                 SUI     2
   016f   12                    STAX    D
   0170   d0                    RNC                     ; IF OK
   0171   3e 0a                 MVI     A,10            ; UNDERFLOW TO *PC*
   0173   12                    STAX    D
   0174   c9                    RET
                        
                        ;       MEMM - ENTER DISPLAY MEMORY MODE
                        ;
                        ;       ENTRY   (BC) = ADDRESS OF DSPMOD
                        
   0175   af            MEMM    XRA     A               ; (A) = 0
                        ;       SET     DSPMOD
   0176   02                    STAX    B               ; SET DISPLAY MEMORY MODE
                        ;       ERRNZ   DSPMOD-DSPROT-1
                        ; HRJ this tests if DSPMOD-DSPROT is equal to 01H I think, sends msg to console if not
   0177   0b                    DCX     B               ; (BC) = #DSPROT
   0178   02                    STAX    B               ; SET ALL PERIODS ON
   0179   21 15 20              LXI     H,ABUSS+1
   017c   c3 32 03              JMP     IOA             ; INPUT OCTAL ADDRESS
                        
                        ;       IN - INPUT DATA BYTE.
                        ;
                        ;       OUT - OUTPUT DATA BYTE.
                        ;
                        ;       ENTRY   (HL) = (ABUSS)
                        
   017f   06 db         IN      MVI     B,MI.IN
   0181   11                    DB      MI.LXID         ; SKIP NEXT INSTRUCTION
   0182   06 d3         OUT     MVI     B,MI.OUT
   0184   7c                    MOV     A,H             ; (A) = VALUE
   0185   65                    MOV     H,L             ; (H) = PORT
   0186   68                    MOV     L,B             ; (L) = IN/OUT INSTRUCTION
   0187   22 02 20              SHLD    IOWRK
   018a   cd 02 20              CALL    IOWRK           ; PERFORM IO
   018d   6c                    MOV     L,H             ; (L) = PORT
   018e   67                    MOV     H,A             ; (H) = VALUE
   018f   c3 33 01              JMP     SAE             ; STORE ABUSS AND EXIT
                        
                        ;       GO - RETURN TO USER MODE
                        ;
                        ;       ENTRY   NONE
                        
   0192   c3 33 00      GO      JMP     GO.             ; ROUTINE IS IN WASTE SPACE
                        
                        ;       SSTEP - SINGLE STEP INSTRUCTION
                        ;
                        ;       ENTRY   NONE
                        
   0195                 SSTEP                           ; SINGLE STEP
   0195   f3                    DI                      ; DISABLE INTERRUPTS UNTIL THE RIGHT TIME
   0196   3a 09 20              LDA     CTLFLG
   0199   ee 10                 XRI     CB.SSI          ; CLEAR SINGLE STEP INHIBIT
   019b   d3 f0                 OUT     OP.CTL          ; PRIME SINGLE STEP INTERRUPT
   019d   32 09 20      SST1    STA     CTLFLG          ; SET NEW FLAG VALUES
   01a0   e1                    POP     H               ; CLEAN STACK
   01a1   c3 7a 00              JMP     INTXIT          ; RETURN TO USER ROUTINE FOR STEP
                        
                        ;       STPRTN - SINGLE STEP RETURN
                        
   01a4                 STPRTN
   01a4   f6 10                 ORI     CB.SSI          ; DISABLE SINGLE STEP INTERRUPTION
   01a6   d3 f0                 OUT     OP.CTL          ; TURN OFF SINGLE STEP ENABLE
                        ;       SET     CTLFLG
   01a8   12                    STAX    D
   01a9   e6 20                 ANI     CB.MTL          ; SEE IF IN MONITOR MODE
   01ab   c2 e4 00              JNZ     MTR
   01ae   c3 22 20              JMP     UIVEC+3         ; TRANSFER TO USER'S ROUTINE
                        
                        ;       RMEM - LOAD MEMORY FROM TAPE
                        ;
                        
   01b1   21 a4 02      RMEM    LXI     H,TPABT
   01b4   22 19 20              SHLD    TPERRX          ; SETUP ERROR EXIT ADDRESS
                        ;       JMP     LOAD
                        
                        ;       LOAD - LOAD MEMORY FROM TAPE
                        ;
                        ;       READ THE NEXT RECORD FROM THE CASSETTE TAPE.
                        ;
                        ;       USE THE LOAD ADDRESS IN THE TAPE RECORD.
                        ;
                        ;       ENTRY   (HL) = ERROR EXIT ADDRESS
                        ;       EXIT    USER P-REG (IN STACK) SET TO ENTRY ADDRESS
                        ;               TO CALLER IF ALL OK
                        ;               TO ERROR EXIT IF TAPE ERRORS DETECTED.
                        
   01b7   01 00 fe      LOAD    LXI     B,177000Q        ; 400Q-RT.MI*256-256 (BC) = - REQUIRED TYPE AND #
   01ba   cd b5 02      LOA0    CALL    SRS             ; SCAN FOR RECORD START
   01bd   6f                    MOV     L,A             ; (HL) = COUNT
   01be   eb                    XCHG                    ; (DE) = COUNT, (HL) = TYPE AND #
   01bf   0d                    DCR     C               ; (C) = - NEXT #
   01c0   09                    DAD     B
   01c1   7c                    MOV     A,H
   01c2   c5                    PUSH    B               ; SAVE TYPE AND #
   01c3   f5                    PUSH    PSW             ; SAVE TYPE CODE
   01c4   e6 7f                 ANI     177Q            ; CLEAR END FLAG BIT
   01c6   b5                    ORA     L
   01c7   3e 02                 MVI     A,2             ; SEQUENCE ERROR
   01c9   c2 85 02              JNZ     TPERR           ; IF NOT RIGHT TYPE OF SEQUENCE
   01cc   cd d5 02              CALL    RNP             ; READ ADDR
   01cf   44                    MOV     B,H
   01d0   4f                    MOV     C,A             ; (BC) = P-REG ADDRESS
   01d1   3e 0a                 MVI     A,10
   01d3   d5                    PUSH    D               ; SAVE (DE)
   01d4   cd 2a 03              CALL    LRA.            ; LOCATE REG ADDRESS
   01d7   d1                    POP     D               ; RESTORE (DE)
   01d8   71                    MOV     M,C             ; SET P-REG IN MEM
   01d9   23                    INX     H
   01da   70                    MOV     M,B
   01db   cd d5 02              CALL    RNP             ; READ ADDRESS
   01de   6f                    MOV     L,A             ; (HL) = ADDRESS, (DE) = COUNT
   01df   22 00 20              SHLD    START
                        
   01e2   cd d9 02      LOA1    CALL    RNB             ; READ BYTE
   01e5   77                    MOV     M,A
   01e6   22 14 20              SHLD    ABUSS           ; SET ABUSS FOR DISPLAY
   01e9   23                    INX     H
   01ea   1b                    DCX     D
   01eb   7a                    MOV     A,D
   01ec   b3                    ORA     E
   01ed   c2 e2 01              JNZ     LOA1            ; IF MORE TO GO
                        
   01f0   cd 7a 02              CALL    CTC             ; CHECK TAPE CHECKSUM
                        
                        ;       READ NEXT BLOCK
                        
   01f3   f1                    POP     PSW             ; (A) = FILE TYPE BYTE
   01f4   c1                    POP     B               ; (BC) = -(LAST TYPE, LAST #0
   01f5   07                    RLC
   01f6   da 5b 02              JC      TFT             ; ALL DONE - TURN OFF TAPE
   01f9   c3 ba 01              JMP     LOA0            ; READ ANOTHER RECORD
                        
                        ;       DUMP - DUMP MEMORY TO MAG TAPE.
                        ;
                        ;       DUMP SPECIFIED MEMORY RANGE TO MAG TAPE.
                        ;
                        ;       ENTRY   (START) = START ADDRESS
                        ;               (ABUSS) = END ADDRESS
                        ;               USER PC = ENTRY POINT ADDRESS
                        ;       EXIT    TO CALLER.
                        
   01fc   21 a4 02      WMEM    LXI     H,TPABT
   01ff   22 19 20              SHLD    TPERRX          ; TAPE ERROR EXIT
                        
   0202   3e 01         DUMP    MVI     A,UCI.TE
   0204   d3 f9                 OUT     OP.TPC          ; SETUP TAPE CONTROL
   0206   3e 16                 MVI     A,A.SYN
   0208   26 20                 MVI     H,32            ; (H) = # OF SYNC CHARACTERS
   020a   cd 14 03      WME1    CALL    WNB
   020d   25                    DCR     H
   020e   c2 0a 02              JNZ     WME1            ; WRITE SYN HEADER
   0211   3e 02                 MVI     A,A.STX
   0213   cd 14 03              CALL    WNB             ; WRITE STX
   0216   6c                    MOV     L,H             ; (HL) = 00
   0217   22 17 20              SHLD    CRCSUM          ; CLEAR CRC 16
   021a   21 01 81              LXI     H,100401Q       ; RT.MI+80H*256+1 FIRST AND LAST MI RECORD
   021d   cd 0f 03              CALL    WNP
   0220   2a 00 20              LHLD    START
   0223   eb                    XCHG                    ; (D,E) = START ADDRESS
   0224   2a 14 20              LHLD    ABUSS           ; (H,L) = STOP ADDR
   0227   23                    INX     H               ; COMPUTE WITH STOP+1
   0228   7d                    MOV     A,L
   0229   93                    SUB     E
   022a   6f                    MOV     L,A
   022b   7c                    MOV     A,H
   022c   9a                    SBB     D
   022d   67                    MOV     H,A             ; (HL) = COUNT
   022e   cd 0f 03              CALL    WNP             ; WRITE COUNT
   0231   e5                    PUSH    H
   0232   3e 0a                 MVI     A,10
   0234   d5                    PUSH    D               ; SAVE (DE)
   0235   cd 2a 03              CALL    LRA.            ; LOCATE P-REG ADDRESS
   0238   7e                    MOV     A,M
   0239   23                    INX     H
   023a   66                    MOV     H,M
   023b   6f                    MOV     L,A             ; (HL) = CONTENTS OF PC
   023c   cd 0f 03              CALL    WNP             ; WRITE HEADER
   023f   e1                    POP     H               ; (HL) = ADDRESS
   0240   d1                    POP     D               ; (DE) = COUNT
   0241   cd 0f 03              CALL    WNP
                        
   0244   7e            WME2    MOV     A,M
   0245   cd 14 03              CALL    WNB             ; WRITE BYTE
   0248   22 14 20              SHLD    ABUSS           ; SET ADDRESS FOR DISPLAY
   024b   23                    INX     H
   024c   1b                    DCX     D
   024d   7a                    MOV     A,D
   024e   b3                    ORA     E
   024f   c2 44 02              JNZ     WME2            ; IF MORE TO GO
                        
                        ;       WRITE CHECKSUM
                        
   0252   2a 17 20              LHLD    CRCSUM
   0255   cd 0f 03              CALL    WNP             ; WRITE IT
   0258   cd 0f 03              CALL    WNP             ; FLUSH CHECKSUM
                        ;       JMP     TFT
                        
                        ;       TFT - TURN OFF TAPE.
                        ;
                        ;       STOP THE TAPE TRANSPORT.
                        ;
                        
   025b   af            TFT     XRA     A
   025c   d3 f9                 OUT     OP.TPC          ; TURN OFF TAPE
                        
                        ;       HORN - MAKE NOISE.
                        ;
                        ;       ENTRY   (A) = (MILLISECOND COUNT)/2
                        ;       EXIT    NONE
                        ;       USES    A,F
                        
   025e   3e 64         ALARM   MVI     A,200/2         ; 200 MS BEEP
   0260   f5            HORN    PUSH    PSW
   0261   3e 80                 MVI     A,CB.SPK        ; TURN ON SPEAKER
                        
   0263   e3            HRN0    XTHL                    ; SAVE (HL), (H) = COUNT
   0264   d5                    PUSH    D               ; SAVE (DE)
   0265   eb                    XCHG                    ; (D) = LOOP COUNT
   0266   21 09 20              LXI     H,CTLFLG
   0269   ae                    XRA     M
   026a   5e                    MOV     E,M             ; (E) = OLD CTLFLG VALUE
   026b   77                    MOV     M,A             ; TURN ON HORN
   026c   2e 1b                 MVI     L,LOW TICCNT	; HRJ was TICCNT#256
                        
   026e   7a                    MOV     A,D             ; (A) = CYCLE COUNT
   026f   86                    ADD     M
   0270   be            HRN2    CMP     M               ; WAIT REQUIRED TICCOUNTS
   0271   c2 70 02              JNZ     HRN2
   0274   2e 09                 MVI     L,LOW CTLFLG	; HRJ wass CTLFLG#256
   0276   73                    MOV     M,E             ; TURN HORN OFF
   0277   d1                    POP     D
   0278   e1                    POP     H
   0279   c9                    RET
                        
                        ;       CTC - VERIFY CHECKSUM.
                        ;
                        ;       ENTRY   TAPE JUST BEFORE CRC
                        ;       EXIT    TO CALLER IF OK
                        ;               TO *TPERR* IF BAD
                        ;       USES    A,F,H,L
                        
   027a   cd d5 02      CTC     CALL    RNP             ; READ NEXT PAIR
   027d   2a 17 20              LHLD    CRCSUM
   0280   7c                    MOV     A,H
   0281   b5                    ORA     L
   0282   c8                    RZ                      ; RETURN IF OK
   0283   3e 01                 MVI     A,1             ; CHECKSUM ERROR
                        ;       JMP     TPERR           ; (B) = CODE
                        
                        ;       TPERR - PROCESS TAPE ERROR.
                        ;
                        ;       DISPLAY ERR NUMBER IN LOW BYTE OF ABUSS
                        ;
                        ;       IF ERROR NUMBER EVEN, DON'T ALLOW #
                        ;       IF ERROR NUMBER ODD, ALLOW #
                        ;
                        ;       ENTRY   (A) = NUMBER
                        
   0285   32 14 20      TPERR   STA     ABUSS
   0288   47                    MOV     B,A             ; (B) = CODE
   0289   cd 5b 02              CALL    TFT             ; TURN OFF TAPE
                        
                        ;       IS #, RETURN (IF PARITY ERROR)
                        
   028c   e6                    DB      MI.ANI          ; FALL THROUGH WITH CARRY CLEAR
   028d   78            TER3    MOV     A,B
                        
   028e   0f                    RRC
   028f   d8                    RC                      ; RETURN IF OK
                        
                        ;       BEEP AND FLASH ERROR NUMBER
                        
   0290   dc 5e 02      TER1    CC      ALARM           ; ALARM IF PROPER TIME
   0293   cd aa 02              CALL    TPXIT           ; SEE IF #
   0296   db f0                 IN      IP.PAD
   0298   fe 2f                 CPI     00101111B       ; CHECK FOR #
   029a   ca 8d 02              JZ      TER3            ; IF #
   029d   3a 1c 20              LDA     TICCNT+1
   02a0   1f                    RAR                     ; 'C' SET IF 1/2 SECOND
   02a1   c3 90 02              JMP     TER1
                        
                        ;       TPABT - ABORT TAPE LOAD OR DUMP.
                        ;
                        ;       ENTERED WHEN LOADING OR DUMPING, AND THE '*' KEY
                        ;       IS STRUCK.
                        
   02a4   af            TPABT   XRA     A
   02a5   d3 f9                 OUT     OP.TPC          ; OFF TAPE
   02a7   c3 d2 00              JMP     ERROR
                        
                        ;       TPXIT - CHECK FOR USER FORCED EDIT.
                        ;
                        ;       TPXIT CHECKS FOR AN `*` KEYPAD ENTRY. IF SO, TAKE
                        ;       THE TAPE DRIVER ABNORMAL EXIT.
                        ;
                        ;       ENTRY   NONE
                        ;       EXIT    TO *RET* IF NOT '*'
                        ;               (A) = PORT STATUS
                        ;               TO (TPERRX) IF '*' DOWN
                        ;       USES    A,F
                        
   02aa   db f0         TPXIT   IN      IP.PAD
   02ac   fe 6f                 CPI     01101111B       ; *
   02ae   db f9                 IN      IP.TPC          ; READ TAPE STATUS
   02b0   c0                    RNZ                     ; NOT '*', RETURN WITH STATUS
   02b1   2a 19 20              LHLD    TPERRX
   02b4   e9                    PCHL                    ; ENTER (TPERRX)
                        
                        ;       SRS - SCAN RECORD START
                        ;
                        ;       SRS READS BYTES UNTIL IT RECOGNIZES THE START OF A RECORD.
                        ;
                        ;       THIS REQUIRES
                        ;       AT LEAST 10 SYNC CHARACTERS
                        ;       1 STX CHARACTER
                        ;
                        ;       THE CRC-16 IS THEN INITIALIZED.
                        ;
                        ;       ENTRY   NONE
                        ;       EXIT    TAPE POSITIONED (AND MOVING), CRCSUM=0
                        ;               (DE) = HEADER BYTES
                        ;               (HL) = RECORD COUNT
                        ;       USES    A,F,D,E,H,L
                        
   02b5                 SRS
   02b5   16 00         SRS1    MVI     D,0
   02b7   62                    MOV     H,D
   02b8   6a                    MOV     L,D             ; (HL) = 0
   02b9   cd d9 02      SRS2    CALL    RNB             ; READ NEXT BYTE
   02bc   14                    INR     D
   02bd   fe 16                 CPI     A.SYN
   02bf   ca b9 02              JZ      SRS2            ; HAVE SYN
   02c2   fe 02                 CPI     A.STX
   02c4   c2 b5 02              JNZ     SRS1            ; NOT STX - START OVER
                        
   02c7   3e 0a                 MVI     A,10
   02c9   ba                    CMP     D               ; SEE IF ENOUGH SYNC CHARACTERS
   02ca   d2 b5 02              JNC     SRS1            ; NOT ENOUGH
   02cd   22 17 20              SHLD    CRCSUM          ; CLEAR CRC-16
   02d0   cd d5 02              CALL    RNP             ; READ LEADER
   02d3   54                    MOV     D,H
   02d4   5f                    MOV     E,A
                        ;       JMP     RNP             ; READ COUNT
                        
                        ;       RNP - READ NEXT PAIR.
                        ;
                        ;       RNP READS THE NEXT TWO BYTES FROM THE INPUT DEVICE.
                        ;
                        ;       ENTRY   NONE
                        ;       EXIT    (H,A) = BYTE PAIR
                        ;       USES    A,F,H
                        
   02d5   cd d9 02      RNP     CALL    RNB             ; READ NEXT BYTE
   02d8   67                    MOV     H,A
                        ;       JMP     RNB             ; READ NEXT BYTE
                        
                        ;       RNB - READ NEXT BYTE
                        ;
                        ;       RNB READS THE NEXT SINGLE BYTE FROM THE INPUT DEVICE.
                        ;       THE CHECKSUM IS TAKEN FOR THE CHARACTER.
                        ;
                        ;       ENTRY   NONE
                        ;       EXIT    (A) = CHARACTER
                        ;       USES    A,F
                        
   02d9   3e 34         RNB     MVI     A,UCI.RO+UCI.ER+UCI.RE ; TURN ON READER FOR NEXT BYTE
   02db   d3 f9                 OUT     OP.TPC
   02dd   cd aa 02      RNB1    CALL    TPXIT           ; CHECK FOR *, READ STATUS
   02e0   e6 0a                 ANI     USR.RXR
   02e2   ca dd 02              JZ      RNB1            ; IF NOT READY
   02e5   db f8                 IN      IP.TPD          ; INPUT DATA
                        ;       JMP     CRC             ; CHECKSUM
                        
                        ;       CRC - COMPUTE CRC-16
                        ;
                        ;       CRC COMPUTES A CRC-16 CHECKSUM FOR THE POLYNOMIAL
                        ;
                        ;       (X + 1) * (X^15 + X + 1)
                        ;
                        ;       SINCE THE CHECKSUM GENERATED IS A DIVISION REMAINDER,
                        ;       A CHECKSUMED DATA SEQUENCE CAN BE VERIFIED BY RUNNING
                        ;       THE DATA THROUGH CRC, AND THEN RUNNING THE PREVIOUSLY OBTAINED
                        ;       CHECKSUM THROUGH CRC. THE RESULTANT CHECKSUM SHOULD BE 0.
                        ;
                        ;       ENTRY   (CRCSUM) = CURRENT CHECKSUM
                        ;               (A) = BYTE
                        ;       EXIT    (CRCSUM) UPDATED
                        ;               (A) UNCHANGED
                        ;       USES    F
                        
   02e7   c5            CRC     PUSH    B               ; SAVE (BC)
   02e8   06 08                 MVI     B,8             ; (B) = BIT COUNT
   02ea   e5                    PUSH    H
   02eb   2a 17 20              LHLD    CRCSUM
   02ee   07            CRC1    RLC
   02ef   4f                    MOV     C,A             ; (C) = BIT
   02f0   7d                    MOV     A,L
   02f1   87                    ADD     A
   02f2   6f                    MOV     L,A
   02f3   7c                    MOV     A,H
   02f4   17                    RAL
   02f5   67                    MOV     H,A
   02f6   17                    RAL
   02f7   a9                    XRA     C
   02f8   0f                    RRC
   02f9   d2 04 03              JNC     CRC2            ; IF NOT TO XOR
   02fc   7c                    MOV     A,H
   02fd   ee 80                 XRI     200Q
   02ff   67                    MOV     H,A
   0300   7d                    MOV A,L
   0301   ee 05                 XRI     5Q
   0303   6f                    MOV     L,A
   0304   79            CRC2    MOV     A,C
   0305   05                    DCR     B
   0306   c2 ee 02              JNZ     CRC1            ; IF MORE TO GO
   0309   22 17 20              SHLD    CRCSUM
   030c   e1                    POP     H               ; RESTORE (HL)
   030d   c1                    POP     B               ; RESTORE (BC)
   030e   c9                    RET                     ; EXIT
                        
                        ;       WNP - WRITE NEXT PAIR
                        ;
                        ;       WNP WRITE THE NEXT TWO BYTES TO THE CASSETTE DRIVE.
                        ;
                        ;       ENTRY   (H,L) = BYTES
                        ;       EXIT    WRITTEN.
                        ;       USES    A,F
                        
   030f   7c            WNP     MOV     A,H
   0310   cd 14 03              CALL    WNB
   0313   7d                    MOV     A,L
                        ;       JMP     WNB             ; WRITE NEXT BYTE
                        
                        ;       WNB - WRITE NEXT BYTE
                        ;
                        ;       WNB WRITE THE NEXT BYTE TO THE CASSETTE TAPE.
                        ;
                        ;       ENTRY   (A) = BYTE
                        ;       EXIT    NONE.
                        ;       USES    F
                        
   0314   f5            WNB     PUSH    PSW
   0315   cd aa 02      WNB1    CALL    TPXIT           ; CHECK FOR #, READ STATUS
   0318   e6 01                 ANI     USR.TXR
   031a   ca 15 03              JZ      WNB1            ; IF MORE TO GO
   031d   3e 11                 MVI     A,UCI.ER+UCI.TE ; ENABLE TRANSMITTER
   031f   d3 f9                 OUT     OP.TPC          ; TURN ON TAPE
   0321   f1                    POP     PSW
   0322   d3 f8                 OUT     OP.TPD          ; OUTPUT DATA
   0324   c3 e7 02              JMP     CRC             ; COMPUTE CRC
                        
                        ;       LRA - LOCATE REGISTER ADDRESS
                        ;
                        ;       ENTRY   NONE.
                        ;       EXIT    (A) = REGISTER INDEX
                        ;               (H,L) = STORAGE ADDRESS
                        ;               (D,E) = (0,A)
                        ;       USES    A,D,E,H,L,F
                        
   0327   3a 05 20      LRA     LDA     REGI
   032a   5f            LRA.    MOV     E,A
   032b   16 00                 MVI     D,0
   032d   2a 1d 20              LHLD    REGPTR
   0330   19                    DAD     D               ; (DE) = (REGPTR)+(REGI)
   0331   c9                    RET
                        
                        ;       IOA - INPUT OCTAL NUMBER
                        ;
                        ;       ENTRY   (H,L) = ADDRESS OF RECEPTION DOUBLE BYTE.
                        ;       EXIT    TO *RET* IF ERROK
                        ;               TO *RET*+1 IF OK, VALUE IN MEMORY.
                        ;       USES    A,B,E,H,C,F
                        
   0332   cd 36 03      IOA     CALL    IOB             ; INPUT BYTE
   0335   2b                    DCX     H
                        
                        ;       IOB - INPUT OCTAL BYTE.
                        ;
                        ;       READ ONE OCTAL BYTE FROM THE KEYSET.
                        ;
                        ;       ENTRY   (H,L) = ADDRESS OF BYTE TO HOLD VALUE
                        ;               'C' SET IF FIRST DIGIT IN (A)
                        ;       EXIT    TO *RET* IF ALL OK
                        ;               TO *ERROR* IF ERROR
                        ;       USES    A,D,E,H,L,F
                        
   0336   16 03         IOB     MVI     D,3             ; (D) = DIGIT COUNT
   0338   d4 b0 03      IOB1    CNC     RCK             ; READ CONSOLE KEYSET
                        
   033b   fe 08                 CPI     8
   033d   d2 d2 00              JNC     ERROR           ; IF ILLEGAL DIGIT
                        
   0340   5f                    MOV     E,A             ; (E) = VALUE
   0341   7e                    MOV     A,M
   0342   07                    RLC                     ; SHIFT 3
   0343   07                    RLC
   0344   07                    RLC
   0345   e6 f8                 ANI     370Q
   0347   b3                    ORA     E
   0348   77                    MOV     M,A             ; REPLACE
   0349   15                    DCR     D
   034a   c2 38 03              JNZ     IOB1            ; IF NOT DONE
   034d   3e 0f                 MVI     A,30/2          ; BEEP FOR 30 MS
   034f   c3 60 02              JMP     HORN
                        
                        ;       DOD - DECODE FOR OCTAL DISPLAY
                        ;
                        ;       ENTRY   (H,L) = ADDRESS OF LED REFRESH AREA
                        ;               (B) = *OR* PATTERN TO FORCE ON BARS OR PERIODS
                        ;               (A) = OCTAL VALUE
                        ;       EXIT    (H,L) = HEX DIGIT ADDRESS
                        ;       USES    A,B,C,D,H,L
                        
   0352   d5            DOD     PUSH    D
   0353   16 03                 MVI     D,DODA/256
   0355   0e 03                 MVI     C,3
   0357   17            DOD1    RAL                     ; LEFT 3 PLACES
   0358   17                    RAL
   0359   17                    RAL
   035a   f5                    PUSH    PSW             ; SAVE FOR NEXT DIGIT
   035b   e6 07                 ANI     7
   035d   c6 ee                 ADI     LOW DODA	; HRJ was DODA#256
   035f   5f                    MOV     E,A             ; (D) = INDEX
   0360   1a                    LDAX    D               ; (A) = PATTERN
   0361   a8                    XRA     B
   0362   e6 7f                 ANI     177Q
   0364   a8                    XRA     B
   0365   77                    MOV     M,A             ; SET IN MEMORY
   0366   23                    INX     H
   0367   78                    MOV     A,B
   0368   07                    RLC
   0369   47                    MOV     B,A
   036a   f1                    POP     PSW             ; (A) = VALUE
   036b   0d                    DCR     C
   036c   c2 57 03              JNZ     DOD1            ; IF MORE TO GO
   036f   d1                    POP     D
   0370   c9                    RET                     ; RETURN
                        
                        ;       UFD - UPDATE FRONT PANEL DISPLAYS.
                        ;
                        ;       UFD IS CALLED BY THE CLOCK INTERRUPT PROCESSOR WHEN IT IS
                        ;       TIME TO UPDATE THE DISPLAY CONTENTS. CURRENTLY, THIS IS DONE
                        ;       EVERY 32 INTERRUPTS, OR ABOUT 32 TIMES A SECOND.
                        ;
                        ;       ENTRY   (H,L) = ADDRESS OF REFCNT
                        ;       EXIT    NONE
                        ;       USES    ALL
                        
   0371   3e 02         UFD     MVI     A,UO.DDU
   0373   a0                    ANA     B
   0374   c0                    RNZ                     ; IF NOT TO HANDLE UPDATE
                        
   0375   2e 06                 MVI     L,LOW DSPROT	; HRJ was DSPROT#256
   0377   7e                    MOV     A,M
   0378   07                    RLC
   0379   77                    MOV     M,A             ; ROTATE PATTERN
   037a   47                    MOV     B,A
   037b   23                    INX     H
                        ;       ERRNZ   DSPMOD-DSPROT-1
                        ; HRJ this tests if DSPMOD-DSPROT is equal to 01H I think, sends msg to console if not
   037c   7e                    MOV     A,M             ; (A) = DSPMOD
   037d   e6 02                 ANI     2
   037f   2a 14 20              LHLD    ABUSS
   0382   ca 97 03              JZ      UFD1            ; IF MEMORY
                        
                        ;       AM DISPLAYING REGISTERS
                        
   0385   cd 27 03              CALL    LRA             ; LOCATE REGISTER ADDRESS
   0388   e5                    PUSH    H
   0389   21 e2 03              LXI     H,DSPA
   038c   19                    DAD     D               ; (H,L) = ADDRESS OF REG NAME PATTERNS
   038d   7e                    MOV     A,M
   038e   23                    INX     H
   038f   66                    MOV     H,M
   0390   6f                    MOV     L,A             ; (H,L) = REG NAME PATTERN
   0391   e3                    XTHL
   0392   b4                    ORA     H               ; CLEAR 'Z'
   0393   7e                    MOV     A,M
   0394   23                    INX     H
   0395   66                    MOV     H,M
   0396   6f                    MOV     L,A             ; (HL) = ADDRESS OF REGISTER PAIR CONTENTS
                        
                        ;       SETUP DISPLAY
                        
   0397   f5            UFD1    PUSH    PSW
   0398   eb                    XCHG
   0399   21 0b 20              LXI     H,ALEDS
   039c   7a                    MOV     A,D
   039d   cd 52 03              CALL    DOD             ; FORMAT ABANK HIGH HALF
   03a0   7b                    MOV     A,E
   03a1   cd 52 03              CALL    DOD             ; FORMAT ABANK LOW HALF
   03a4   f1                    POP     PSW
   03a5   1a                    LDAX    D
   03a6   ca 52 03              JZ      DOD             ; IF MEMORY, DECODE BYTE VALUE
                        
                        ;       IS REGISTER, SET REGISTER NAME,
                        
   03a9   36 ff                 MVI     M,377Q          ; CLEAR DIGIT
   03ab   e1                    POP     H
   03ac   22 12 20              SHLD    DLEDS+1
   03af   c9                    RET
                        
                        ;       RCK - READ CONSOLE KEYPAD.
                        ;
                        ;       RCK IS CALLED TO READ A KEYSTROKE FROM THE CONSOLE KEYPAD.
                        ;       WHENEVER A KEY IS ACCEPTED.
                        ;       RCK PERFORMS DEBOUNCING, AND AUTO-REPEAT. A *BIP* IS SOUNDED
                        ;       WHEN A VALUE IS ACCEPTED.
                        ;
                        ;       KEY PAD VALUES:
                        ;
                        ;       1111 1110  -  0
                        ;       1111 1100  -  1
                        ;       1111 1010  -  2
                        ;       1111 1000  -  3
                        ;       1111 0110  -  4
                        ;       1111 0100  -  5
                        ;       1111 0010  -  6
                        ;       1111 0000  -  7
                        ;       1110 1111  -  8
                        ;       1100 1111  -  9
                        ;       1010 1111  -  +
                        ;       1000 1111  -  -
                        ;       0110 1111  -  *
                        ;       0100 1111  -  /
                        ;       0010 1111  0  #
                        ;       0000 1111  -  .
                        ;
                        ;
                        ;       ENTRY   NONE
                        ;       EXIT    TO CALLER WHEN A KEY IS HIT
                        ;               (A) = 0 - '0'
                        ;                     1 - '1'
                        ;                     2 - '2'
                        ;                     3 - '3'
                        ;                     4 - '4'
                        ;                     5 - '5'
                        ;                     6 - '6'
                        ;                     7 - '7'
                        ;                     8 - '8'
                        ;                     9 - '9'
                        ;                    10 - '+ '
                        ;                    11 - '-'
                        ;                    12 - '*'
                        ;                    13 - '/'
                        ;                    14 - '#'
                        ;                    15 - '.'
                        ;       USES    A,F
                        
   03b0   e5            RCK     PUSH    H
   03b1   c5                    PUSH    B
   03b2   0e 14                 MVI     C,400/20        ; WAIT 400 MS
   03b4   21 16 20              LXI     H,RCKA
                        
   03b7   db f0         RCK1    IN      IP.PAD          ; INPUT PAD VALUE
   03b9   47                    MOV     B,A             ; (B) = VALUE
   03ba   3e 0a                 MVI     A,20/2          ; WAIT 20 MS
   03bc   cd 2b 00              CALL    DLY
   03bf   78                    MOV     A,B
   03c0   be                    CMP     M
   03c1   c2 c8 03              JNZ     RCK2            ; HAVE A CHANGE
   03c4   0d                    DCR     C
   03c5   c2 b7 03              JNZ     RCK1            ; WAIT N CYCLE
                        
                        ;       HAVE KEY VALUE
                        
   03c8   77            RCK2    MOV     M,A             ; UPDATE RCKA
   03c9   ee fe                 XRI     376Q            ; INVERT ALL BUT GROUP 0 FLAG
   03cb   0f                    RRC
   03cc   d2 d6 03              JNC     RCK3            ; HIT BANK 0
   03cf   0f                    RRC
   03d0   0f                    RRC
   03d1   0f                    RRC
   03d2   0f                    RRC
   03d3   d2 b7 03              JNC     RCK1            ; NO HIT AT ALL
   03d6   47            RCK3    MOV     B,A             ; (B) = CODE
   03d7   3e 02                 MVI     A,4/2
   03d9   cd 60 02              CALL    HORN            ; MAKE BIP
   03dc   78                    MOV     A,B
   03dd   e6 0f                 ANI     17Q
   03df   c1                    POP     B
   03e0   e1                    POP     H
   03e1   c9                    RET                     ; RETURN
                        
                        ;       DISPLAY SEGMENT CODING:
                        ;
                        ;       BYTE = 76 5453 210
                        ;
                        ;          1
                        ;         ---
                        ;       6|   |2
                        ;        | 0 |
                        ;         ---
                        ;       5|   |3
                        ;        |   |
                        ;         --- o7
                        ;          4
                        
                        ;       REGISTER INDEX TO 7-SEGMENT PATTERN
                        
   03e2                 DSPA
   03e2   a4 98                 DW      1001100010100100B ; SP
   03e4   90 9c                 DW      1001110010010000B ; AF
   03e6   86 8d                 DW      1000110110000110B ; BC
   03e8   c2 8c                 DW      1000110011000010B ; DE
   03ea   92 8f                 DW      1000111110010010B ; HL
   03ec   98 ce                 DW      1100111010011000B ; PC
                        
                        ;       OCTAL TO 7-SEGMENT PATTERN
                        
   03ee                 DODA
   03ee   01                    DB      00000001B       ; 0
   03ef   73                    DB      01110011B       ; 1
   03f0   48                    DB      01001000B       ; 2
   03f1   60                    DB      01100000B       ; 3
   03f2   32                    DB      00110010B       ; 4
   03f3   24                    DB      00100100B       ; 5
   03f4   04                    DB      00000100B       ; 6
   03f5   71                    DB      01110001B       ; 7
   03f6   00                    DB      00000000B       ; 8
   03f7   20                    DB      00100000B       ; 9
                        
   03f8   00                    DB      0               ; One unused byte
                        
                        ;       I/O ROUTINES TO BE COPIED INTO AND USED IN RAM.
                        ;
                        ;       MUST CONTINUE TO 3777A FOR PROPER COPY.
                        ;       THE TABLE MUST ALSO BE BACKWARDS TO THE FINAL RAM.
                        
   03f9                         ORG     2000Q-7
                        
   03f9   01            PRSROM  DB      1               ; REFIND
   03fa   00                    DB      0               ; CTLFLG
   03fb   00                    DB      0               ; MFLAG
   03fc   00                    DB      0               ; DSPMOD
   03fd   00                    DB      0               ; DSPROT
   03fe   0a                    DB      10              ; REGI
   03ff   c9                    DB      MI.RET
                        
                        ;        ERRNZ   $-2000Q
                        ; HRJ this tests if current address is equal to 2000Q or 0200H I think, sends msg to console if not
                        
                        ;       THE FOLLOWING ARE CONTROL CELLS AND FLAGS USED BY THE KEYPAD
                        ;       MONITOR.
                        
   2000                         ORG     20000Q          ; 8192
   2000                 START   DS      2               ; DUMP STARTING ADDRESS
   2002                 IOWRK   DS      2               ; IN OR OUT INSTRUCTION
   2004                 PRSRAM                          ; FOLLOWING CELLS INITIALIZED FROM ROM
   2004                         DS      1               ; RET
                        
   2005                 REGI    DS      1               ; INDEX OF REGISTER UNDER DISPLAY
   2006                 DSPROT  DS      1               ; PERIOD FLAG BYTE
   2007                 DSPMOD  DS      1               ; DISPLAY MODE
                        
   2008                 MFLAG   DS      1               ; USER FLAG OPTIONS
                                                        ; SEE *UI.XXX* BITS DESCRIBED AT FRONT
                        
   2009                 CTLFLG  DS      1               ; FRONT PANEL CONTROL BITS
   200a                 REFIND  DS      1               ; REFRESH INDEX (0 TO 7)
   0007                 PRSL    EQU     7               ; END OF AREA INITIALIZED FROM ROM
                        
   200b                 FPLEDS                          ; FRONT PANEL LED PATTERNS
   200b                 ALEDS   DS      1               ; ADDR 0
   200c                         DS      1               ; ADDR 1
   200d                         DS      1               ; ADDR 2
                        
   200e                         DS      1               ; ADDR 3
   200f                         DS      1               ; ADDR 4
   2010                         DS      1               ; ADDR 5
                        
   2011                 DLEDS   DS      1               ; DATA 0
   2012                         DS      1               ; DATA 1
   2013                         DS      1               ; DATA 2
                        
   2014                 ABUSS   DS      2               ; ADDRESS BUS
   2016                 RCKA    DS      1               ; RCK SAVE AREA
   2017                 CRCSUM  DS      2               ; CRC-16 CHECKSUM
   2019                 TPERRX  DS      2               ; TAPE ERROR EXIT ADDRESS
   201b                 TICCNT  DS      2               ; CLOCK TIC COUNTER
                        
   201d                 REGPTR  DS      2               ; REGISTER CONTENTS POINTER
                        
   201f                 UIVEC                           ; USER INTERRUPT VECTOR
   201f                         DS      3               ; JUMP TO CLOCK PROCESSOR
   2022                         DS      3               ; JUMP TO SINGLE STEP PROCESSOR
   2025                         DS      3               ; JUMP TO I/O 3
   2028                         DS      3               ; JUMP TO I/O 4
   202b                         DS      3               ; JUMP TO I/O 5
   202e                         DS      3               ; JUMP TO I/O 6
   2031                         DS      3               ; JUMP TO I/O 7
                        
   2034                         END
0002  A.STX         0016  A.SYN         0167  ABORT         2014  ABUSS     
025e  ALARM         200b  ALEDS         0040  CB.CLI        0020  CB.MTL    
0080  CB.SPK        0010  CB.SSI        009c  CLK2          009f  CLK3      
00cb  CLK4          0081  CLOCK         02e7  CRC           02ee  CRC1      
0304  CRC2          2017  CRCSUM        027a  CTC           2009  CTLFLG    
0075  CUI1          2011  DLEDS         002b  DLY           0000  DM.MR     
0001  DM.MW         0002  DM.RR         0003  DM.RW         0352  DOD       
0357  DOD1          03ee  DODA          03e2  DSPA          2007  DSPMOD    
2006  DSPROT        0202  DUMP          00d2  ERROR         200b  FPLEDS    
0192  GO            0033  GO.           0260  HORN          0263  HRN0      
0270  HRN2          017f  IN            003b  INIT          0000  INIT0     
0047  INIT1         004f  INIT2         0008  INT1          0010  INT2      
0018  INT3          0020  INT4          0028  INT5          0030  INT6      
0038  INT7          007a  INTXIT        0332  IOA           0336  IOB       
0338  IOB1          2002  IOWRK         00f0  IP.PAD        00f9  IP.TPC    
00f8  IP.TPD        0168  LAST          01ba  LOA0          01e2  LOA1      
01b7  LOAD          0327  LRA           032a  LRA.          016c  LST2      
0175  MEMM          2008  MFLAG         00e6  MI.ANI        0076  MI.HLT    
00db  MI.IN         003a  MI.LDA        0011  MI.LXID       00d3  MI.OUT    
00c9  MI.RET        00e4  MTR           00e5  MTR1          0105  MTR4      
0129  MTR5          0137  MTR6          011d  MTRA          015a  NEXT      
00f0  OP.CTL        00f0  OP.DIG        00f1  OP.SEG        00f9  OP.TPC    
00f8  OP.TPD        0182  OUT           0007  PRSL          2004  PRSRAM    
03f9  PRSROM        03b0  RCK           03b7  RCK1          03c8  RCK2      
03d6  RCK3          2016  RCKA          200a  REFIND        2005  REGI      
0144  REGM          201d  REGPTR        01b1  RMEM          02d9  RNB       
02dd  RNB1          02d5  RNP           0156  RW            0133  SAE       
005a  SAVALL        00fa  SC.UART       0400  SINCR         02b5  SRS       
02b5  SRS1          02b9  SRS2          019d  SST1          0195  SSTEP     
2000  START         01a4  STPRTN        0290  TER1          028d  TER3      
025b  TFT           201b  TICCNT        02a4  TPABT         0285  TPERR     
2019  TPERRX        02aa  TPXIT         0010  UCI.ER        0002  UCI.IE    
0040  UCI.IR        0004  UCI.RE        0020  UCI.RO        0001  UCI.TE    
0000  UDR           0371  UFD           0397  UFD1          0001  UI.CLK    
201f  UIVEC         0002  UMI.16X       0040  UMI.1B        0001  UMI.1X    
00c0  UMI.2B        0003  UMI.64X       0080  UMI.HB        0000  UMI.L5    
0004  UMI.L6        0008  UMI.L7        000c  UMI.L8        0010  UMI.PA    
0020  UMI.PE        0002  UO.DDU        0080  UO.HLT        0040  UO.NFR    
0001  USR           0040  USR.BD        86a0  USR.FE        0010  USR.OE    
0008  USR.PE        000a  USR.RXR       0004  USR.TXE       0001  USR.TXR   
020a  WME1          0244  WME2          01fc  WMEM          0314  WNB       
0315  WNB1          030f  WNP           
